[2025-06-16 06:37:35] production.ERROR: Class "Redis" not found {"exception":"[object] (Error(code: 0): Class \"Redis\" not found at C:\\xampp\\htdocs\\lapangkuy_laravel\\vendor\\laravel\\framework\\src\\Illuminate\\Redis\\Connectors\\PhpRedisConnector.php:79)
[stacktrace]
#0 C:\\xampp\\htdocs\\lapangkuy_laravel\\vendor\\laravel\\framework\\src\\Illuminate\\Redis\\Connectors\\PhpRedisConnector.php(33): Illuminate\\Redis\\Connectors\\PhpRedisConnector->createClient(Array)
#1 C:\\xampp\\htdocs\\lapangkuy_laravel\\vendor\\laravel\\framework\\src\\Illuminate\\Redis\\Connectors\\PhpRedisConnector.php(38): Illuminate\\Redis\\Connectors\\PhpRedisConnector->Illuminate\\Redis\\Connectors\\{closure}()
#2 C:\\xampp\\htdocs\\lapangkuy_laravel\\vendor\\laravel\\framework\\src\\Illuminate\\Redis\\RedisManager.php(109): Illuminate\\Redis\\Connectors\\PhpRedisConnector->connect(Array, Array)
#3 C:\\xampp\\htdocs\\lapangkuy_laravel\\vendor\\laravel\\framework\\src\\Illuminate\\Redis\\RedisManager.php(90): Illuminate\\Redis\\RedisManager->resolve('cache')
#4 C:\\xampp\\htdocs\\lapangkuy_laravel\\vendor\\laravel\\framework\\src\\Illuminate\\Cache\\RedisStore.php(356): Illuminate\\Redis\\RedisManager->connection('cache')
#5 C:\\xampp\\htdocs\\lapangkuy_laravel\\vendor\\laravel\\framework\\src\\Illuminate\\Cache\\RedisStore.php(70): Illuminate\\Cache\\RedisStore->connection()
#6 C:\\xampp\\htdocs\\lapangkuy_laravel\\vendor\\laravel\\framework\\src\\Illuminate\\Cache\\Repository.php(119): Illuminate\\Cache\\RedisStore->get('illuminate:foun...')
#7 C:\\xampp\\htdocs\\lapangkuy_laravel\\vendor\\laravel\\framework\\src\\Illuminate\\Cache\\Repository.php(90): Illuminate\\Cache\\Repository->get('illuminate:foun...')
#8 C:\\xampp\\htdocs\\lapangkuy_laravel\\vendor\\laravel\\framework\\src\\Illuminate\\Foundation\\CacheBasedMaintenanceMode.php(74): Illuminate\\Cache\\Repository->has('illuminate:foun...')
#9 C:\\xampp\\htdocs\\lapangkuy_laravel\\vendor\\laravel\\framework\\src\\Illuminate\\Foundation\\Http\\Middleware\\PreventRequestsDuringMaintenance.php(64): Illuminate\\Foundation\\CacheBasedMaintenanceMode->active()
#10 C:\\xampp\\htdocs\\lapangkuy_laravel\\vendor\\laravel\\framework\\src\\Illuminate\\Pipeline\\Pipeline.php(208): Illuminate\\Foundation\\Http\\Middleware\\PreventRequestsDuringMaintenance->handle(Object(Illuminate\\Http\\Request), Object(Closure))
#11 C:\\xampp\\htdocs\\lapangkuy_laravel\\vendor\\laravel\\framework\\src\\Illuminate\\Http\\Middleware\\HandleCors.php(48): Illuminate\\Pipeline\\Pipeline->Illuminate\\Pipeline\\{closure}(Object(Illuminate\\Http\\Request))
#12 C:\\xampp\\htdocs\\lapangkuy_laravel\\vendor\\laravel\\framework\\src\\Illuminate\\Pipeline\\Pipeline.php(208): Illuminate\\Http\\Middleware\\HandleCors->handle(Object(Illuminate\\Http\\Request), Object(Closure))
#13 C:\\xampp\\htdocs\\lapangkuy_laravel\\vendor\\laravel\\framework\\src\\Illuminate\\Http\\Middleware\\TrustProxies.php(58): Illuminate\\Pipeline\\Pipeline->Illuminate\\Pipeline\\{closure}(Object(Illuminate\\Http\\Request))
#14 C:\\xampp\\htdocs\\lapangkuy_laravel\\vendor\\laravel\\framework\\src\\Illuminate\\Pipeline\\Pipeline.php(208): Illuminate\\Http\\Middleware\\TrustProxies->handle(Object(Illuminate\\Http\\Request), Object(Closure))
#15 C:\\xampp\\htdocs\\lapangkuy_laravel\\vendor\\laravel\\framework\\src\\Illuminate\\Foundation\\Http\\Middleware\\InvokeDeferredCallbacks.php(22): Illuminate\\Pipeline\\Pipeline->Illuminate\\Pipeline\\{closure}(Object(Illuminate\\Http\\Request))
#16 C:\\xampp\\htdocs\\lapangkuy_laravel\\vendor\\laravel\\framework\\src\\Illuminate\\Pipeline\\Pipeline.php(208): Illuminate\\Foundation\\Http\\Middleware\\InvokeDeferredCallbacks->handle(Object(Illuminate\\Http\\Request), Object(Closure))
#17 C:\\xampp\\htdocs\\lapangkuy_laravel\\vendor\\laravel\\framework\\src\\Illuminate\\Http\\Middleware\\ValidatePathEncoding.php(26): Illuminate\\Pipeline\\Pipeline->Illuminate\\Pipeline\\{closure}(Object(Illuminate\\Http\\Request))
#18 C:\\xampp\\htdocs\\lapangkuy_laravel\\vendor\\laravel\\framework\\src\\Illuminate\\Pipeline\\Pipeline.php(208): Illuminate\\Http\\Middleware\\ValidatePathEncoding->handle(Object(Illuminate\\Http\\Request), Object(Closure))
#19 C:\\xampp\\htdocs\\lapangkuy_laravel\\vendor\\laravel\\framework\\src\\Illuminate\\Pipeline\\Pipeline.php(126): Illuminate\\Pipeline\\Pipeline->Illuminate\\Pipeline\\{closure}(Object(Illuminate\\Http\\Request))
#20 C:\\xampp\\htdocs\\lapangkuy_laravel\\vendor\\laravel\\framework\\src\\Illuminate\\Foundation\\Http\\Kernel.php(175): Illuminate\\Pipeline\\Pipeline->then(Object(Closure))
#21 C:\\xampp\\htdocs\\lapangkuy_laravel\\vendor\\laravel\\framework\\src\\Illuminate\\Foundation\\Http\\Kernel.php(144): Illuminate\\Foundation\\Http\\Kernel->sendRequestThroughRouter(Object(Illuminate\\Http\\Request))
#22 C:\\xampp\\htdocs\\lapangkuy_laravel\\vendor\\laravel\\framework\\src\\Illuminate\\Foundation\\Application.php(1219): Illuminate\\Foundation\\Http\\Kernel->handle(Object(Illuminate\\Http\\Request))
#23 C:\\xampp\\htdocs\\lapangkuy_laravel\\public\\index.php(20): Illuminate\\Foundation\\Application->handleRequest(Object(Illuminate\\Http\\Request))
#24 {main}
"} 
[2025-06-16 06:37:37] production.ERROR: Unsupported cipher or incorrect key length. Supported ciphers are: aes-128-cbc, aes-256-cbc, aes-128-gcm, aes-256-gcm. {"exception":"[object] (RuntimeException(code: 0): Unsupported cipher or incorrect key length. Supported ciphers are: aes-128-cbc, aes-256-cbc, aes-128-gcm, aes-256-gcm. at C:\\xampp\\htdocs\\lapangkuy_laravel\\vendor\\laravel\\framework\\src\\Illuminate\\Encryption\\Encrypter.php:61)
[stacktrace]
#0 C:\\xampp\\htdocs\\lapangkuy_laravel\\vendor\\laravel\\framework\\src\\Illuminate\\Encryption\\EncryptionServiceProvider.php(32): Illuminate\\Encryption\\Encrypter->__construct('\\xCA\\x8B\\xAB\\xA6\\xBA\\x1D\\xB9\\xCBb\\xA2y\\x1E\\xCA\\x17\\xAB', 'AES-256-CBC')
#1 C:\\xampp\\htdocs\\lapangkuy_laravel\\vendor\\laravel\\framework\\src\\Illuminate\\Container\\Container.php(1010): Illuminate\\Encryption\\EncryptionServiceProvider->Illuminate\\Encryption\\{closure}(Object(Illuminate\\Foundation\\Application), Array)
#2 C:\\xampp\\htdocs\\lapangkuy_laravel\\vendor\\laravel\\framework\\src\\Illuminate\\Container\\Container.php(890): Illuminate\\Container\\Container->build(Object(Closure))
#3 C:\\xampp\\htdocs\\lapangkuy_laravel\\vendor\\laravel\\framework\\src\\Illuminate\\Foundation\\Application.php(1077): Illuminate\\Container\\Container->resolve('encrypter', Array, true)
#4 C:\\xampp\\htdocs\\lapangkuy_laravel\\vendor\\laravel\\framework\\src\\Illuminate\\Container\\Container.php(821): Illuminate\\Foundation\\Application->resolve('encrypter', Array)
#5 C:\\xampp\\htdocs\\lapangkuy_laravel\\vendor\\laravel\\framework\\src\\Illuminate\\Foundation\\Application.php(1057): Illuminate\\Container\\Container->make('encrypter', Array)
#6 C:\\xampp\\htdocs\\lapangkuy_laravel\\vendor\\laravel\\framework\\src\\Illuminate\\Container\\Container.php(1653): Illuminate\\Foundation\\Application->make('encrypter')
#7 C:\\xampp\\htdocs\\lapangkuy_laravel\\vendor\\laravel\\framework\\src\\Illuminate\\Session\\SessionManager.php(213): Illuminate\\Container\\Container->offsetGet('encrypter')
#8 C:\\xampp\\htdocs\\lapangkuy_laravel\\vendor\\laravel\\framework\\src\\Illuminate\\Session\\SessionManager.php(193): Illuminate\\Session\\SessionManager->buildEncryptedSession(Object(Illuminate\\Session\\CacheBasedSessionHandler))
#9 C:\\xampp\\htdocs\\lapangkuy_laravel\\vendor\\laravel\\framework\\src\\Illuminate\\Session\\SessionManager.php(144): Illuminate\\Session\\SessionManager->buildSession(Object(Illuminate\\Session\\CacheBasedSessionHandler))
#10 C:\\xampp\\htdocs\\lapangkuy_laravel\\vendor\\laravel\\framework\\src\\Illuminate\\Support\\Manager.php(105): Illuminate\\Session\\SessionManager->createRedisDriver()
#11 C:\\xampp\\htdocs\\lapangkuy_laravel\\vendor\\laravel\\framework\\src\\Illuminate\\Support\\Manager.php(79): Illuminate\\Support\\Manager->createDriver('redis')
#12 C:\\xampp\\htdocs\\lapangkuy_laravel\\vendor\\laravel\\framework\\src\\Illuminate\\Session\\SessionServiceProvider.php(52): Illuminate\\Support\\Manager->driver()
#13 C:\\xampp\\htdocs\\lapangkuy_laravel\\vendor\\laravel\\framework\\src\\Illuminate\\Container\\Container.php(1010): Illuminate\\Session\\SessionServiceProvider->Illuminate\\Session\\{closure}(Object(Illuminate\\Foundation\\Application), Array)
#14 C:\\xampp\\htdocs\\lapangkuy_laravel\\vendor\\laravel\\framework\\src\\Illuminate\\Container\\Container.php(890): Illuminate\\Container\\Container->build(Object(Closure))
#15 C:\\xampp\\htdocs\\lapangkuy_laravel\\vendor\\laravel\\framework\\src\\Illuminate\\Foundation\\Application.php(1077): Illuminate\\Container\\Container->resolve('session.store', Array, true)
#16 C:\\xampp\\htdocs\\lapangkuy_laravel\\vendor\\laravel\\framework\\src\\Illuminate\\Container\\Container.php(821): Illuminate\\Foundation\\Application->resolve('session.store', Array)
#17 C:\\xampp\\htdocs\\lapangkuy_laravel\\vendor\\laravel\\framework\\src\\Illuminate\\Foundation\\Application.php(1057): Illuminate\\Container\\Container->make('session.store', Array)
#18 C:\\xampp\\htdocs\\lapangkuy_laravel\\vendor\\laravel\\framework\\src\\Illuminate\\Container\\Container.php(1653): Illuminate\\Foundation\\Application->make('session.store')
#19 C:\\xampp\\htdocs\\lapangkuy_laravel\\vendor\\laravel\\framework\\src\\Illuminate\\Routing\\RoutingServiceProvider.php(121): Illuminate\\Container\\Container->offsetGet('session.store')
#20 C:\\xampp\\htdocs\\lapangkuy_laravel\\vendor\\laravel\\framework\\src\\Illuminate\\Container\\Container.php(1010): Illuminate\\Routing\\RoutingServiceProvider->Illuminate\\Routing\\{closure}(Object(Illuminate\\Foundation\\Application), Array)
#21 C:\\xampp\\htdocs\\lapangkuy_laravel\\vendor\\laravel\\framework\\src\\Illuminate\\Container\\Container.php(890): Illuminate\\Container\\Container->build(Object(Closure))
#22 C:\\xampp\\htdocs\\lapangkuy_laravel\\vendor\\laravel\\framework\\src\\Illuminate\\Foundation\\Application.php(1077): Illuminate\\Container\\Container->resolve('redirect', Array, true)
#23 C:\\xampp\\htdocs\\lapangkuy_laravel\\vendor\\laravel\\framework\\src\\Illuminate\\Container\\Container.php(821): Illuminate\\Foundation\\Application->resolve('redirect', Array)
#24 C:\\xampp\\htdocs\\lapangkuy_laravel\\vendor\\laravel\\framework\\src\\Illuminate\\Foundation\\Application.php(1057): Illuminate\\Container\\Container->make('redirect', Array)
#25 C:\\xampp\\htdocs\\lapangkuy_laravel\\vendor\\laravel\\framework\\src\\Illuminate\\Container\\Container.php(1653): Illuminate\\Foundation\\Application->make('redirect')
#26 C:\\xampp\\htdocs\\lapangkuy_laravel\\vendor\\laravel\\framework\\src\\Illuminate\\Routing\\RoutingServiceProvider.php(177): Illuminate\\Container\\Container->offsetGet('redirect')
#27 C:\\xampp\\htdocs\\lapangkuy_laravel\\vendor\\laravel\\framework\\src\\Illuminate\\Container\\Container.php(1010): Illuminate\\Routing\\RoutingServiceProvider->Illuminate\\Routing\\{closure}(Object(Illuminate\\Foundation\\Application), Array)
#28 C:\\xampp\\htdocs\\lapangkuy_laravel\\vendor\\laravel\\framework\\src\\Illuminate\\Container\\Container.php(890): Illuminate\\Container\\Container->build(Object(Closure))
#29 C:\\xampp\\htdocs\\lapangkuy_laravel\\vendor\\laravel\\framework\\src\\Illuminate\\Foundation\\Application.php(1077): Illuminate\\Container\\Container->resolve('Illuminate\\\\Cont...', Array, true)
#30 C:\\xampp\\htdocs\\lapangkuy_laravel\\vendor\\laravel\\framework\\src\\Illuminate\\Container\\Container.php(821): Illuminate\\Foundation\\Application->resolve('Illuminate\\\\Cont...', Array)
#31 C:\\xampp\\htdocs\\lapangkuy_laravel\\vendor\\laravel\\framework\\src\\Illuminate\\Foundation\\Application.php(1057): Illuminate\\Container\\Container->make('Illuminate\\\\Cont...', Array)
#32 C:\\xampp\\htdocs\\lapangkuy_laravel\\vendor\\laravel\\framework\\src\\Illuminate\\Foundation\\helpers.php(127): Illuminate\\Foundation\\Application->make('Illuminate\\\\Cont...', Array)
#33 C:\\xampp\\htdocs\\lapangkuy_laravel\\vendor\\laravel\\framework\\src\\Illuminate\\Foundation\\helpers.php(835): app('Illuminate\\\\Cont...')
#34 C:\\xampp\\htdocs\\lapangkuy_laravel\\vendor\\laravel\\framework\\src\\Illuminate\\Foundation\\Exceptions\\Handler.php(897): response()
#35 C:\\xampp\\htdocs\\lapangkuy_laravel\\vendor\\laravel\\framework\\src\\Illuminate\\Foundation\\Exceptions\\Handler.php(818): Illuminate\\Foundation\\Exceptions\\Handler->renderHttpException(Object(Symfony\\Component\\HttpKernel\\Exception\\HttpException))
#36 C:\\xampp\\htdocs\\lapangkuy_laravel\\vendor\\laravel\\framework\\src\\Illuminate\\Foundation\\Exceptions\\Handler.php(709): Illuminate\\Foundation\\Exceptions\\Handler->prepareResponse(Object(Illuminate\\Http\\Request), Object(Symfony\\Component\\HttpKernel\\Exception\\HttpException))
#37 C:\\xampp\\htdocs\\lapangkuy_laravel\\vendor\\laravel\\framework\\src\\Illuminate\\Foundation\\Exceptions\\Handler.php(597): Illuminate\\Foundation\\Exceptions\\Handler->renderExceptionResponse(Object(Illuminate\\Http\\Request), Object(Error))
#38 C:\\xampp\\htdocs\\lapangkuy_laravel\\vendor\\laravel\\framework\\src\\Illuminate\\Routing\\Pipeline.php(51): Illuminate\\Foundation\\Exceptions\\Handler->render(Object(Illuminate\\Http\\Request), Object(Error))
#39 C:\\xampp\\htdocs\\lapangkuy_laravel\\vendor\\laravel\\framework\\src\\Illuminate\\Pipeline\\Pipeline.php(213): Illuminate\\Routing\\Pipeline->handleException(Object(Illuminate\\Http\\Request), Object(Error))
#40 C:\\xampp\\htdocs\\lapangkuy_laravel\\vendor\\laravel\\framework\\src\\Illuminate\\Http\\Middleware\\HandleCors.php(48): Illuminate\\Pipeline\\Pipeline->Illuminate\\Pipeline\\{closure}(Object(Illuminate\\Http\\Request))
#41 C:\\xampp\\htdocs\\lapangkuy_laravel\\vendor\\laravel\\framework\\src\\Illuminate\\Pipeline\\Pipeline.php(208): Illuminate\\Http\\Middleware\\HandleCors->handle(Object(Illuminate\\Http\\Request), Object(Closure))
#42 C:\\xampp\\htdocs\\lapangkuy_laravel\\vendor\\laravel\\framework\\src\\Illuminate\\Http\\Middleware\\TrustProxies.php(58): Illuminate\\Pipeline\\Pipeline->Illuminate\\Pipeline\\{closure}(Object(Illuminate\\Http\\Request))
#43 C:\\xampp\\htdocs\\lapangkuy_laravel\\vendor\\laravel\\framework\\src\\Illuminate\\Pipeline\\Pipeline.php(208): Illuminate\\Http\\Middleware\\TrustProxies->handle(Object(Illuminate\\Http\\Request), Object(Closure))
#44 C:\\xampp\\htdocs\\lapangkuy_laravel\\vendor\\laravel\\framework\\src\\Illuminate\\Foundation\\Http\\Middleware\\InvokeDeferredCallbacks.php(22): Illuminate\\Pipeline\\Pipeline->Illuminate\\Pipeline\\{closure}(Object(Illuminate\\Http\\Request))
#45 C:\\xampp\\htdocs\\lapangkuy_laravel\\vendor\\laravel\\framework\\src\\Illuminate\\Pipeline\\Pipeline.php(208): Illuminate\\Foundation\\Http\\Middleware\\InvokeDeferredCallbacks->handle(Object(Illuminate\\Http\\Request), Object(Closure))
#46 C:\\xampp\\htdocs\\lapangkuy_laravel\\vendor\\laravel\\framework\\src\\Illuminate\\Http\\Middleware\\ValidatePathEncoding.php(26): Illuminate\\Pipeline\\Pipeline->Illuminate\\Pipeline\\{closure}(Object(Illuminate\\Http\\Request))
#47 C:\\xampp\\htdocs\\lapangkuy_laravel\\vendor\\laravel\\framework\\src\\Illuminate\\Pipeline\\Pipeline.php(208): Illuminate\\Http\\Middleware\\ValidatePathEncoding->handle(Object(Illuminate\\Http\\Request), Object(Closure))
#48 C:\\xampp\\htdocs\\lapangkuy_laravel\\vendor\\laravel\\framework\\src\\Illuminate\\Pipeline\\Pipeline.php(126): Illuminate\\Pipeline\\Pipeline->Illuminate\\Pipeline\\{closure}(Object(Illuminate\\Http\\Request))
#49 C:\\xampp\\htdocs\\lapangkuy_laravel\\vendor\\laravel\\framework\\src\\Illuminate\\Foundation\\Http\\Kernel.php(175): Illuminate\\Pipeline\\Pipeline->then(Object(Closure))
#50 C:\\xampp\\htdocs\\lapangkuy_laravel\\vendor\\laravel\\framework\\src\\Illuminate\\Foundation\\Http\\Kernel.php(144): Illuminate\\Foundation\\Http\\Kernel->sendRequestThroughRouter(Object(Illuminate\\Http\\Request))
#51 C:\\xampp\\htdocs\\lapangkuy_laravel\\vendor\\laravel\\framework\\src\\Illuminate\\Foundation\\Application.php(1219): Illuminate\\Foundation\\Http\\Kernel->handle(Object(Illuminate\\Http\\Request))
#52 C:\\xampp\\htdocs\\lapangkuy_laravel\\public\\index.php(20): Illuminate\\Foundation\\Application->handleRequest(Object(Illuminate\\Http\\Request))
#53 {main}
"} 
