[2025-06-12 15:42:19] production.ERROR: No connection could be made because the target machine actively refused it {"exception":"[object] (RedisException(code: 0): No connection could be made because the target machine actively refused it at C:\\xampp\\htdocs\\lapangkuy_laravel\\vendor\\laravel\\framework\\src\\Illuminate\\Redis\\Connectors\\PhpRedisConnector.php:175)
[stacktrace]
#0 C:\\xampp\\htdocs\\lapangkuy_laravel\\vendor\\laravel\\framework\\src\\Illuminate\\Redis\\Connectors\\PhpRedisConnector.php(175): Redis->connect('127.0.0.1', '6379', 0.0, NULL, 0, 0.0)
#1 C:\\xampp\\htdocs\\lapangkuy_laravel\\vendor\\laravel\\framework\\src\\Illuminate\\Redis\\Connectors\\PhpRedisConnector.php(88): Illuminate\\Redis\\Connectors\\PhpRedisConnector->establishConnection(Object(Redis), Array)
#2 C:\\xampp\\htdocs\\lapangkuy_laravel\\vendor\\laravel\\framework\\src\\Illuminate\\Support\\helpers.php(399): Illuminate\\Redis\\Connectors\\PhpRedisConnector->{closure:Illuminate\\Redis\\Connectors\\PhpRedisConnector::createClient():79}(Object(Redis))
#3 C:\\xampp\\htdocs\\lapangkuy_laravel\\vendor\\laravel\\framework\\src\\Illuminate\\Redis\\Connectors\\PhpRedisConnector.php(79): tap(Object(Redis), Object(Closure))
#4 C:\\xampp\\htdocs\\lapangkuy_laravel\\vendor\\laravel\\framework\\src\\Illuminate\\Redis\\Connectors\\PhpRedisConnector.php(33): Illuminate\\Redis\\Connectors\\PhpRedisConnector->createClient(Array)
#5 C:\\xampp\\htdocs\\lapangkuy_laravel\\vendor\\laravel\\framework\\src\\Illuminate\\Redis\\Connectors\\PhpRedisConnector.php(38): Illuminate\\Redis\\Connectors\\PhpRedisConnector->{closure:Illuminate\\Redis\\Connectors\\PhpRedisConnector::connect():32}()
#6 C:\\xampp\\htdocs\\lapangkuy_laravel\\vendor\\laravel\\framework\\src\\Illuminate\\Redis\\RedisManager.php(109): Illuminate\\Redis\\Connectors\\PhpRedisConnector->connect(Array, Array)
#7 C:\\xampp\\htdocs\\lapangkuy_laravel\\vendor\\laravel\\framework\\src\\Illuminate\\Redis\\RedisManager.php(90): Illuminate\\Redis\\RedisManager->resolve('cache')
#8 C:\\xampp\\htdocs\\lapangkuy_laravel\\vendor\\laravel\\framework\\src\\Illuminate\\Cache\\RedisStore.php(356): Illuminate\\Redis\\RedisManager->connection('cache')
#9 C:\\xampp\\htdocs\\lapangkuy_laravel\\vendor\\laravel\\framework\\src\\Illuminate\\Cache\\RedisStore.php(269): Illuminate\\Cache\\RedisStore->connection()
#10 C:\\xampp\\htdocs\\lapangkuy_laravel\\vendor\\laravel\\framework\\src\\Illuminate\\Cache\\Repository.php(806): Illuminate\\Cache\\RedisStore->flush()
#11 C:\\xampp\\htdocs\\lapangkuy_laravel\\vendor\\laravel\\framework\\src\\Illuminate\\Cache\\Console\\ClearCommand.php(68): Illuminate\\Cache\\Repository->__call('flush', Array)
#12 C:\\xampp\\htdocs\\lapangkuy_laravel\\vendor\\laravel\\framework\\src\\Illuminate\\Container\\BoundMethod.php(36): Illuminate\\Cache\\Console\\ClearCommand->handle()
#13 C:\\xampp\\htdocs\\lapangkuy_laravel\\vendor\\laravel\\framework\\src\\Illuminate\\Container\\Util.php(43): Illuminate\\Container\\BoundMethod::{closure:Illuminate\\Container\\BoundMethod::call():35}()
#14 C:\\xampp\\htdocs\\lapangkuy_laravel\\vendor\\laravel\\framework\\src\\Illuminate\\Container\\BoundMethod.php(96): Illuminate\\Container\\Util::unwrapIfClosure(Object(Closure))
#15 C:\\xampp\\htdocs\\lapangkuy_laravel\\vendor\\laravel\\framework\\src\\Illuminate\\Container\\BoundMethod.php(35): Illuminate\\Container\\BoundMethod::callBoundMethod(Object(Illuminate\\Foundation\\Application), Array, Object(Closure))
#16 C:\\xampp\\htdocs\\lapangkuy_laravel\\vendor\\laravel\\framework\\src\\Illuminate\\Container\\Container.php(754): Illuminate\\Container\\BoundMethod::call(Object(Illuminate\\Foundation\\Application), Array, Array, NULL)
#17 C:\\xampp\\htdocs\\lapangkuy_laravel\\vendor\\laravel\\framework\\src\\Illuminate\\Console\\Command.php(211): Illuminate\\Container\\Container->call(Array)
#18 C:\\xampp\\htdocs\\lapangkuy_laravel\\vendor\\symfony\\console\\Command\\Command.php(279): Illuminate\\Console\\Command->execute(Object(Symfony\\Component\\Console\\Input\\ArgvInput), Object(Illuminate\\Console\\OutputStyle))
#19 C:\\xampp\\htdocs\\lapangkuy_laravel\\vendor\\laravel\\framework\\src\\Illuminate\\Console\\Command.php(180): Symfony\\Component\\Console\\Command\\Command->run(Object(Symfony\\Component\\Console\\Input\\ArgvInput), Object(Illuminate\\Console\\OutputStyle))
#20 C:\\xampp\\htdocs\\lapangkuy_laravel\\vendor\\symfony\\console\\Application.php(1094): Illuminate\\Console\\Command->run(Object(Symfony\\Component\\Console\\Input\\ArgvInput), Object(Symfony\\Component\\Console\\Output\\ConsoleOutput))
#21 C:\\xampp\\htdocs\\lapangkuy_laravel\\vendor\\symfony\\console\\Application.php(342): Symfony\\Component\\Console\\Application->doRunCommand(Object(Illuminate\\Cache\\Console\\ClearCommand), Object(Symfony\\Component\\Console\\Input\\ArgvInput), Object(Symfony\\Component\\Console\\Output\\ConsoleOutput))
#22 C:\\xampp\\htdocs\\lapangkuy_laravel\\vendor\\symfony\\console\\Application.php(193): Symfony\\Component\\Console\\Application->doRun(Object(Symfony\\Component\\Console\\Input\\ArgvInput), Object(Symfony\\Component\\Console\\Output\\ConsoleOutput))
#23 C:\\xampp\\htdocs\\lapangkuy_laravel\\vendor\\laravel\\framework\\src\\Illuminate\\Foundation\\Console\\Kernel.php(197): Symfony\\Component\\Console\\Application->run(Object(Symfony\\Component\\Console\\Input\\ArgvInput), Object(Symfony\\Component\\Console\\Output\\ConsoleOutput))
#24 C:\\xampp\\htdocs\\lapangkuy_laravel\\vendor\\laravel\\framework\\src\\Illuminate\\Foundation\\Application.php(1234): Illuminate\\Foundation\\Console\\Kernel->handle(Object(Symfony\\Component\\Console\\Input\\ArgvInput), Object(Symfony\\Component\\Console\\Output\\ConsoleOutput))
#25 C:\\xampp\\htdocs\\lapangkuy_laravel\\artisan(16): Illuminate\\Foundation\\Application->handleCommand(Object(Symfony\\Component\\Console\\Input\\ArgvInput))
#26 {main}
"} 
[2025-06-12 15:42:20] production.ERROR: Curl error (code 60): SSL peer certificate or SSH remote key was not OK {"exception":"[object] (RuntimeException(code: 0): Curl error (code 60): SSL peer certificate or SSH remote key was not OK at C:\\xampp\\htdocs\\lapangkuy_laravel\\vendor\\monolog\\monolog\\src\\Monolog\\Handler\\Curl\\Util.php:55)
[stacktrace]
#0 C:\\xampp\\htdocs\\lapangkuy_laravel\\vendor\\monolog\\monolog\\src\\Monolog\\Handler\\SlackWebhookHandler.php(110): Monolog\\Handler\\Curl\\Util::execute(Object(CurlHandle))
#1 C:\\xampp\\htdocs\\lapangkuy_laravel\\vendor\\monolog\\monolog\\src\\Monolog\\Handler\\AbstractProcessingHandler.php(44): Monolog\\Handler\\SlackWebhookHandler->write(Object(Monolog\\LogRecord))
#2 C:\\xampp\\htdocs\\lapangkuy_laravel\\vendor\\monolog\\monolog\\src\\Monolog\\Logger.php(391): Monolog\\Handler\\AbstractProcessingHandler->handle(Object(Monolog\\LogRecord))
#3 C:\\xampp\\htdocs\\lapangkuy_laravel\\vendor\\monolog\\monolog\\src\\Monolog\\Logger.php(646): Monolog\\Logger->addRecord(Monolog\\Level::Error, 'No connection c...', Array)
#4 C:\\xampp\\htdocs\\lapangkuy_laravel\\vendor\\laravel\\framework\\src\\Illuminate\\Log\\Logger.php(183): Monolog\\Logger->error('No connection c...', Array)
#5 C:\\xampp\\htdocs\\lapangkuy_laravel\\vendor\\laravel\\framework\\src\\Illuminate\\Log\\Logger.php(96): Illuminate\\Log\\Logger->writeLog('error', 'No connection c...', Array)
#6 C:\\xampp\\htdocs\\lapangkuy_laravel\\vendor\\laravel\\framework\\src\\Illuminate\\Log\\LogManager.php(699): Illuminate\\Log\\Logger->error('No connection c...', Array)
#7 C:\\xampp\\htdocs\\lapangkuy_laravel\\vendor\\laravel\\framework\\src\\Illuminate\\Foundation\\Exceptions\\Handler.php(379): Illuminate\\Log\\LogManager->error('No connection c...', Array)
#8 C:\\xampp\\htdocs\\lapangkuy_laravel\\vendor\\laravel\\framework\\src\\Illuminate\\Foundation\\Exceptions\\Handler.php(342): Illuminate\\Foundation\\Exceptions\\Handler->reportThrowable(Object(RedisException))
#9 C:\\xampp\\htdocs\\lapangkuy_laravel\\vendor\\nunomaduro\\collision\\src\\Adapters\\Laravel\\ExceptionHandler.php(46): Illuminate\\Foundation\\Exceptions\\Handler->report(Object(RedisException))
#10 C:\\xampp\\htdocs\\lapangkuy_laravel\\vendor\\laravel\\framework\\src\\Illuminate\\Foundation\\Console\\Kernel.php(620): NunoMaduro\\Collision\\Adapters\\Laravel\\ExceptionHandler->report(Object(RedisException))
#11 C:\\xampp\\htdocs\\lapangkuy_laravel\\vendor\\laravel\\framework\\src\\Illuminate\\Foundation\\Console\\Kernel.php(199): Illuminate\\Foundation\\Console\\Kernel->reportException(Object(RedisException))
#12 C:\\xampp\\htdocs\\lapangkuy_laravel\\vendor\\laravel\\framework\\src\\Illuminate\\Foundation\\Application.php(1234): Illuminate\\Foundation\\Console\\Kernel->handle(Object(Symfony\\Component\\Console\\Input\\ArgvInput), Object(Symfony\\Component\\Console\\Output\\ConsoleOutput))
#13 C:\\xampp\\htdocs\\lapangkuy_laravel\\artisan(16): Illuminate\\Foundation\\Application->handleCommand(Object(Symfony\\Component\\Console\\Input\\ArgvInput))
#14 {main}
"} 
